// Vitest Snapshot v1, https://vitest.dev/guide/snapshot.html

exports[`BaseButton.vue > is correctly rendered 1`] = `"<div class="action-button flex justify-center items-center py-2 px-6 h-10 rounded-lg cursor-pointer ml-3 transition-all bg-off-white hover:bg-gray-200 text-black">Button</div>"`;
