// Vitest Snapshot v1, https://vitest.dev/guide/snapshot.html

exports[`Lane.vue > is correctly rendered 1`] = `
"<div class="lane flex items-center" data-lane="1">
  <div class="horse overflow-hidden" style="color: rgb(0, 0, 0); margin-left: 0px;"> 🐎 </div>
</div>"
`;
